// Jest Snapshot v1, https://goo.gl/fbAQLP

exports[`stream-vue renders HTML 1`] = `
"<div class=\\"myclass\\" style=\\"height: 200px; width: 500px;\\">
  <stream src=\\"2938470a98fd7\\" controls=\\"controls\\" currenttime=\\"0\\" volume=\\"1\\" preload=\\"none\\"></stream>
</div>"
`;
